This is pdfTeX, Version 3.141592653-2.6-1.40.26 (TeX Live 2025/dev/Debian) (preloaded format=pdflatex 2026.1.30)  17 AUG 2026 05:57
entering extended mode
 restricted \write18 enabled.
 %&-line parsing enabled.
**main_v6.tex
(./main_v6.tex
LaTeX2e <2024-11-01> patch level 2
L3 programming layer <2025-01-18>
(./sn-jnl.cls
Document Class: sn-jnl 2019/11/18 v0.1: An authoring template for Springer Jour
nal articles
(/usr/share/texlive/texmf-dist/tex/latex/base/article.cls
Document Class: article 2024/06/29 v1.4n Standard LaTeX document class
(/usr/share/texlive/texmf-dist/tex/latex/base/fleqn.clo
File: fleqn.clo 2016/12/29 v1.2b Standard LaTeX option (flush left equations)
\mathindent=\skip49
Applying: [2015/01/01] Make \[ robust on input line 50.
LaTeX Info: Redefining \[ on input line 51.
Already applied: [0000/00/00] Make \[ robust on input line 62.
Applying: [2015/01/01] Make \] robust on input line 74.
LaTeX Info: Redefining \] on input line 75.
Already applied: [0000/00/00] Make \] robust on input line 83.
)
(/usr/share/texlive/texmf-dist/tex/latex/base/size10.clo
File: size10.clo 2024/06/29 v1.4n Standard LaTeX file (size option)
)
\c@part=\count196
\c@section=\count197
\c@subsection=\count198
\c@subsubsection=\count199
\c@paragraph=\count266
\c@subparagraph=\count267
\c@figure=\count268
\c@table=\count269
\abovecaptionskip=\skip50
\belowcaptionskip=\skip51
\bibindent=\dimen141
)
LaTeX Info: Redefining \rm on input line 146.
LaTeX Info: Redefining \sf on input line 147.
LaTeX Info: Redefining \tt on input line 148.
LaTeX Info: Redefining \bf on input line 149.
LaTeX Info: Redefining \it on input line 150.
LaTeX Info: Redefining \sl on input line 151.
LaTeX Info: Redefining \sc on input line 152.
LaTeX Info: Redefining \cal on input line 153.
LaTeX Info: Redefining \mit on input line 154.
LaTeX Info: Redefining \textsubscript on input line 212.
\columnhsize=\skip52

(/usr/share/texlive/texmf-dist/tex/latex/geometry/geometry.sty
Package: geometry 2020/01/02 v5.9 Page Geometry

(/usr/share/texlive/texmf-dist/tex/latex/graphics/keyval.sty
Package: keyval 2022/05/29 v1.15 key=value parser (DPC)
\KV@toks@=\toks17
)
(/usr/share/texlive/texmf-dist/tex/generic/iftex/ifvtex.sty
Package: ifvtex 2019/10/25 v1.7 ifvtex legacy package. Use iftex instead.

(/usr/share/texlive/texmf-dist/tex/generic/iftex/iftex.sty
Package: iftex 2024/12/12 v1.0g TeX engine tests
))
\Gm@cnth=\count270
\Gm@cntv=\count271
\c@Gm@tempcnt=\count272
\Gm@bindingoffset=\dimen142
\Gm@wd@mp=\dimen143
\Gm@odd@mp=\dimen144
\Gm@even@mp=\dimen145
\Gm@layoutwidth=\dimen146
\Gm@layoutheight=\dimen147
\Gm@layouthoffset=\dimen148
\Gm@layoutvoffset=\dimen149
\Gm@dimlist=\toks18
)
\artcatbox=\box52
\aucount=\count273
\corraucount=\count274
\punctcount=\count275
\emailcnt=\count276
\c@affn=\count277
\addcount=\count278
\PacsCount=\count279
\PacsTmpCnt=\count280
\FMremarkdim=\dimen150
\fmremarkbox=\box53

(/usr/share/texlive/texmf-dist/tex/latex/sttools/cuted.sty
Package: cuted 2021/10/04 v2.0 Mixing onecolumn and twocolumn modes
\At@ViperColsBreak=\toks19
\preCutedStrip=\toks20
\postCutedStrip=\toks21
\cuted@@tempbox@a=\box54
\cuted@@tempbox@c=\box55
\cuted@@tempbox@var=\box56
\hold@viper=\box57
\@viper=\box58
\cuted@@varbox@a=\box59
\cuted@@varbox@c=\box60
\cuted@@tempdim@spread=\dimen151
\cuted@@tempdim@a=\dimen152
\cuted@@tempdim@b=\dimen153
\ht@hold@viper=\dimen154
\ht@viper=\dimen155
\var@@pagediscards@ht=\dimen156
\stripsep=\skip53
\viper@penalty=\count281
)
\firstpagehtcheck=\dimen157
\labelwidthi=\dimen158
\labelwidthii=\dimen159
\labelwidthiii=\dimen160
\labelwidthiv=\dimen161
\figwidth=\dimen162
\figheight=\dimen163
\sidecapwidth=\dimen164
\wrapcapline=\dimen165
\totalwrapline=\dimen166
\wraptotline=\dimen167
\figurebox=\box61
\wrapfigcapbox=\box62
\figcapbox=\box63
\capbox=\box64
\headwidthskip=\skip54
\tabcapbox=\box65
\temptbox=\box66
\tempdime=\dimen168
\tabhtdime=\dimen169

(/usr/share/texlive/texmf-dist/tex/latex/graphics/rotating.sty
Package: rotating 2016/08/11 v2.16d rotated objects in LaTeX

(/usr/share/texlive/texmf-dist/tex/latex/graphics/graphicx.sty
Package: graphicx 2021/09/16 v1.2d Enhanced LaTeX Graphics (DPC,SPQR)

(/usr/share/texlive/texmf-dist/tex/latex/graphics/graphics.sty
Package: graphics 2024/08/06 v1.4g Standard LaTeX Graphics (DPC,SPQR)

(/usr/share/texlive/texmf-dist/tex/latex/graphics/trig.sty
Package: trig 2023/12/02 v1.11 sin cos tan (DPC)
)
(/usr/share/texlive/texmf-dist/tex/latex/graphics-cfg/graphics.cfg
File: graphics.cfg 2016/06/04 v1.11 sample graphics configuration
)
Package graphics Info: Driver file: pdftex.def on input line 106.

(/usr/share/texlive/texmf-dist/tex/latex/graphics-def/pdftex.def
File: pdftex.def 2024/04/13 v1.2c Graphics/color driver for pdftex
))
\Gin@req@height=\dimen170
\Gin@req@width=\dimen171
)
(/usr/share/texlive/texmf-dist/tex/latex/base/ifthen.sty
Package: ifthen 2024/03/16 v1.1e Standard LaTeX ifthen package (DPC)
)
\c@r@tfl@t=\count282
\rotFPtop=\skip55
\rotFPbot=\skip56
\rot@float@box=\box67
\rot@mess@toks=\toks22
)
(/usr/share/texlive/texmf-dist/tex/latex/threeparttable/threeparttable.sty
Package: threeparttable 2003/06/13  v 3.0
\@tempboxb=\box68
)
(/usr/share/texlive/texmf-dist/tex/latex/appendix/appendix.sty
Package: appendix 2020/02/08 v1.2c extra appendix facilities
\c@@pps=\count283
\c@@ppsavesec=\count284
\c@@ppsaveapp=\count285
)
(/usr/share/texlive/texmf-dist/tex/latex/hyperref/hyperref.sty
Package: hyperref 2024-11-05 v7.01l Hypertext links for LaTeX

(/usr/share/texlive/texmf-dist/tex/latex/kvsetkeys/kvsetkeys.sty
Package: kvsetkeys 2022-10-05 v1.19 Key value parser (HO)
)
(/usr/share/texlive/texmf-dist/tex/generic/kvdefinekeys/kvdefinekeys.sty
Package: kvdefinekeys 2019-12-19 v1.6 Define keys (HO)
)
(/usr/share/texlive/texmf-dist/tex/generic/pdfescape/pdfescape.sty
Package: pdfescape 2019/12/09 v1.15 Implements pdfTeX's escape features (HO)

(/usr/share/texlive/texmf-dist/tex/generic/ltxcmds/ltxcmds.sty
Package: ltxcmds 2023-12-04 v1.26 LaTeX kernel commands for general use (HO)
)
(/usr/share/texlive/texmf-dist/tex/generic/pdftexcmds/pdftexcmds.sty
Package: pdftexcmds 2020-06-27 v0.33 Utility functions of pdfTeX for LuaTeX (HO
)

(/usr/share/texlive/texmf-dist/tex/generic/infwarerr/infwarerr.sty
Package: infwarerr 2019/12/03 v1.5 Providing info/warning/error messages (HO)
)
Package pdftexcmds Info: \pdf@primitive is available.
Package pdftexcmds Info: \pdf@ifprimitive is available.
Package pdftexcmds Info: \pdfdraftmode found.
))
(/usr/share/texlive/texmf-dist/tex/latex/hycolor/hycolor.sty
Package: hycolor 2020-01-27 v1.10 Color options for hyperref/bookmark (HO)
)
(/usr/share/texlive/texmf-dist/tex/latex/hyperref/nameref.sty
Package: nameref 2023-11-26 v2.56 Cross-referencing by name of section

(/usr/share/texlive/texmf-dist/tex/latex/refcount/refcount.sty
Package: refcount 2019/12/15 v3.6 Data extraction from label references (HO)
)
(/usr/share/texlive/texmf-dist/tex/generic/gettitlestring/gettitlestring.sty
Package: gettitlestring 2019/12/15 v1.6 Cleanup title references (HO)

(/usr/share/texlive/texmf-dist/tex/latex/kvoptions/kvoptions.sty
Package: kvoptions 2022-06-15 v3.15 Key value format for package options (HO)
))
\c@section@level=\count286
)
(/usr/share/texlive/texmf-dist/tex/latex/etoolbox/etoolbox.sty
Package: etoolbox 2025/02/11 v2.5l e-TeX tools for LaTeX (JAW)
\etb@tempcnta=\count287
)
(/usr/share/texlive/texmf-dist/tex/generic/stringenc/stringenc.sty
Package: stringenc 2019/11/29 v1.12 Convert strings between diff. encodings (HO
)
)
\@linkdim=\dimen172
\Hy@linkcounter=\count288
\Hy@pagecounter=\count289

(/usr/share/texlive/texmf-dist/tex/latex/hyperref/pd1enc.def
File: pd1enc.def 2024-11-05 v7.01l Hyperref: PDFDocEncoding definition (HO)
Now handling font encoding PD1 ...
... no UTF-8 mapping file for font encoding PD1
)
(/usr/share/texlive/texmf-dist/tex/generic/intcalc/intcalc.sty
Package: intcalc 2019/12/15 v1.3 Expandable calculations with integers (HO)
)
\Hy@SavedSpaceFactor=\count290

(/usr/share/texlive/texmf-dist/tex/latex/hyperref/puenc.def
File: puenc.def 2024-11-05 v7.01l Hyperref: PDF Unicode definition (HO)
Now handling font encoding PU ...
... no UTF-8 mapping file for font encoding PU
)
Package hyperref Info: Hyper figures OFF on input line 4157.
Package hyperref Info: Link nesting OFF on input line 4162.
Package hyperref Info: Hyper index ON on input line 4165.
Package hyperref Info: Plain pages OFF on input line 4172.
Package hyperref Info: Backreferencing OFF on input line 4177.
Package hyperref Info: Implicit mode ON; LaTeX internals redefined.
Package hyperref Info: Bookmarks ON on input line 4424.
\c@Hy@tempcnt=\count291

(/usr/share/texlive/texmf-dist/tex/latex/url/url.sty
\Urlmuskip=\muskip17
Package: url 2013/09/16  ver 3.4  Verb mode for urls, etc.
)
LaTeX Info: Redefining \url on input line 4763.
\XeTeXLinkMargin=\dimen173

(/usr/share/texlive/texmf-dist/tex/generic/bitset/bitset.sty
Package: bitset 2019/12/09 v1.3 Handle bit-vector datatype (HO)

(/usr/share/texlive/texmf-dist/tex/generic/bigintcalc/bigintcalc.sty
Package: bigintcalc 2019/12/15 v1.5 Expandable calculations on big integers (HO
)
))
\Fld@menulength=\count292
\Field@Width=\dimen174
\Fld@charsize=\dimen175
Package hyperref Info: Hyper figures OFF on input line 6042.
Package hyperref Info: Link nesting OFF on input line 6047.
Package hyperref Info: Hyper index ON on input line 6050.
Package hyperref Info: backreferencing OFF on input line 6057.
Package hyperref Info: Link coloring OFF on input line 6062.
Package hyperref Info: Link coloring with OCG OFF on input line 6067.
Package hyperref Info: PDF/A mode OFF on input line 6072.

(/usr/share/texlive/texmf-dist/tex/latex/base/atbegshi-ltx.sty
Package: atbegshi-ltx 2021/01/10 v1.0c Emulation of the original atbegshi
package with kernel methods
)
\Hy@abspage=\count293
\c@Item=\count294
\c@Hfootnote=\count295
)
Package hyperref Info: Driver (autodetected): hpdftex.

(/usr/share/texlive/texmf-dist/tex/latex/hyperref/hpdftex.def
File: hpdftex.def 2024-11-05 v7.01l Hyperref driver for pdfTeX

(/usr/share/texlive/texmf-dist/tex/latex/base/atveryend-ltx.sty
Package: atveryend-ltx 2020/08/19 v1.0a Emulation of the original atveryend pac
kage
with kernel methods
)
\Fld@listcount=\count296
\c@bookmark@seq@number=\count297

(/usr/share/texlive/texmf-dist/tex/latex/rerunfilecheck/rerunfilecheck.sty
Package: rerunfilecheck 2022-07-10 v1.10 Rerun checks for auxiliary files (HO)

(/usr/share/texlive/texmf-dist/tex/generic/uniquecounter/uniquecounter.sty
Package: uniquecounter 2019/12/15 v1.4 Provide unlimited unique counter (HO)
)
Package uniquecounter Info: New unique counter `rerunfilecheck' on input line 2
85.
)
\Hy@SectionHShift=\skip57
)
Package hyperref Info: Option `colorlinks' set `true' on input line 1471.
Package hyperref Info: Option `breaklinks' set `true' on input line 1471.
Package hyperref Info: Option `plainpages' set `false' on input line 1471.
Package hyperref Info: Option `bookmarksopen' set `true' on input line 1471.
Package hyperref Info: Option `bookmarksnumbered' set `false' on input line 147
1.

(/usr/share/texlive/texmf-dist/tex/latex/wrapfig/wrapfig.sty
\wrapoverhang=\dimen176
\WF@size=\dimen177
\c@WF@wrappedlines=\count298
\WF@box=\box69
\WF@everypar=\toks23
Package: wrapfig 2003/01/31  v 3.6
)
\wraplines=\count299
\@authorfigbox=\box70
\@authorfigboxdim=\skip58
\biofigadjskip=\skip59

(/usr/share/texlive/texmf-dist/tex/latex/amscls/amsthm.sty
Package: amsthm 2020/05/29 v2.20.6
\thm@style=\toks24
\thm@bodyfont=\toks25
\thm@headfont=\toks26
\thm@notefont=\toks27
\thm@headpunct=\toks28
\thm@preskip=\skip60
\thm@postskip=\skip61
\thm@headsep=\skip62
\dth@everypar=\toks29
)
(/usr/share/texlive/texmf-dist/tex/latex/base/fix-cm.sty
Package: fix-cm 2020/11/24 v1.1t fixes to LaTeX

(/usr/share/texlive/texmf-dist/tex/latex/base/ts1enc.def
File: ts1enc.def 2001/06/05 v3.0e (jk/car/fm) Standard LaTeX file
LaTeX Font Info:    Redeclaring font encoding TS1 on input line 47.
))
(/usr/share/texlive/texmf-dist/tex/latex/natbib/natbib.sty
Package: natbib 2010/09/13 8.31b (PWD, AO)
\bibhang=\skip63
\bibsep=\skip64
LaTeX Info: Redefining \cite on input line 694.
\c@NAT@ctr=\count300
))
(/usr/share/texlive/texmf-dist/tex/latex/multirow/multirow.sty
Package: multirow 2024/11/12 v2.9 Span multiple rows of a table
\multirow@colwidth=\skip65
\multirow@cntb=\count301
\multirow@dima=\skip66
\bigstrutjot=\dimen178
)
(/usr/share/texlive/texmf-dist/tex/latex/amsmath/amsmath.sty
Package: amsmath 2024/11/05 v2.17t AMS math features
\@mathmargin=\skip67

For additional information on amsmath, use the `?' option.
(/usr/share/texlive/texmf-dist/tex/latex/amsmath/amstext.sty
Package: amstext 2021/08/26 v2.01 AMS text

(/usr/share/texlive/texmf-dist/tex/latex/amsmath/amsgen.sty
File: amsgen.sty 1999/11/30 v2.0 generic functions
\@emptytoks=\toks30
\ex@=\dimen179
))
(/usr/share/texlive/texmf-dist/tex/latex/amsmath/amsbsy.sty
Package: amsbsy 1999/11/29 v1.2d Bold Symbols
\pmbraise@=\dimen180
)
(/usr/share/texlive/texmf-dist/tex/latex/amsmath/amsopn.sty
Package: amsopn 2022/04/08 v2.04 operator names
)
\inf@bad=\count302
LaTeX Info: Redefining \frac on input line 233.
\uproot@=\count303
\leftroot@=\count304
LaTeX Info: Redefining \overline on input line 398.
LaTeX Info: Redefining \colon on input line 409.
\classnum@=\count305
\DOTSCASE@=\count306
LaTeX Info: Redefining \ldots on input line 495.
LaTeX Info: Redefining \dots on input line 498.
LaTeX Info: Redefining \cdots on input line 619.
\Mathstrutbox@=\box71
\strutbox@=\box72
LaTeX Info: Redefining \big on input line 721.
LaTeX Info: Redefining \Big on input line 722.
LaTeX Info: Redefining \bigg on input line 723.
LaTeX Info: Redefining \Bigg on input line 724.
\big@size=\dimen181
LaTeX Font Info:    Redeclaring font encoding OML on input line 742.
LaTeX Font Info:    Redeclaring font encoding OMS on input line 743.
\macc@depth=\count307
LaTeX Info: Redefining \bmod on input line 904.
LaTeX Info: Redefining \pmod on input line 909.
LaTeX Info: Redefining \smash on input line 939.
LaTeX Info: Redefining \relbar on input line 969.
LaTeX Info: Redefining \Relbar on input line 970.
\c@MaxMatrixCols=\count308
\dotsspace@=\muskip18
\c@parentequation=\count309
\dspbrk@lvl=\count310
\tag@help=\toks31
\row@=\count311
\column@=\count312
\maxfields@=\count313
\andhelp@=\toks32
\eqnshift@=\dimen182
\alignsep@=\dimen183
\tagshift@=\dimen184
\tagwidth@=\dimen185
\totwidth@=\dimen186
\lineht@=\dimen187
\@envbody=\toks33
\multlinegap=\skip68
\multlinetaggap=\skip69
\mathdisplay@stack=\toks34
LaTeX Info: Redefining \[ on input line 2953.
LaTeX Info: Redefining \] on input line 2954.
)
(/usr/share/texlive/texmf-dist/tex/latex/amsfonts/amssymb.sty
Package: amssymb 2013/01/14 v3.01 AMS font symbols

(/usr/share/texlive/texmf-dist/tex/latex/amsfonts/amsfonts.sty
Package: amsfonts 2013/01/14 v3.01 Basic AMSFonts support
\symAMSa=\mathgroup4
\symAMSb=\mathgroup5
LaTeX Font Info:    Redeclaring math symbol \hbar on input line 98.
LaTeX Font Info:    Overwriting math alphabet `\mathfrak' in version `bold'
(Font)                  U/euf/m/n --> U/euf/b/n on input line 106.
))
(/usr/share/texlive/texmf-dist/tex/latex/booktabs/booktabs.sty
Package: booktabs 2020/01/12 v1.61803398 Publication quality tables
\heavyrulewidth=\dimen188
\lightrulewidth=\dimen189
\cmidrulewidth=\dimen190
\belowrulesep=\dimen191
\belowbottomsep=\dimen192
\aboverulesep=\dimen193
\abovetopsep=\dimen194
\cmidrulesep=\dimen195
\cmidrulekern=\dimen196
\defaultaddspace=\dimen197
\@cmidla=\count314
\@cmidlb=\count315
\@aboverulesep=\dimen198
\@belowrulesep=\dimen199
\@thisruleclass=\count316
\@lastruleclass=\count317
\@thisrulewidth=\dimen256
)
(/usr/share/texlive/texmf-dist/tex/latex/jknapltx/mathrsfs.sty
Package: mathrsfs 1996/01/01 Math RSFS package v1.0 (jk)
\symrsfs=\mathgroup6
)
(/usr/share/texlive/texmf-dist/tex/latex/xcolor/xcolor.sty
Package: xcolor 2024/09/29 v3.02 LaTeX color extensions (UK)

(/usr/share/texlive/texmf-dist/tex/latex/graphics-cfg/color.cfg
File: color.cfg 2016/01/02 v1.6 sample color configuration
)
Package xcolor Info: Driver file: pdftex.def on input line 274.

(/usr/share/texlive/texmf-dist/tex/latex/graphics/mathcolor.ltx)
Package xcolor Info: Model `cmy' substituted by `cmy0' on input line 1349.
Package xcolor Info: Model `hsb' substituted by `rgb' on input line 1353.
Package xcolor Info: Model `RGB' extended on input line 1365.
Package xcolor Info: Model `HTML' substituted by `rgb' on input line 1367.
Package xcolor Info: Model `Hsb' substituted by `hsb' on input line 1368.
Package xcolor Info: Model `tHsb' substituted by `hsb' on input line 1369.
Package xcolor Info: Model `HSB' substituted by `hsb' on input line 1370.
Package xcolor Info: Model `Gray' substituted by `gray' on input line 1371.
Package xcolor Info: Model `wave' substituted by `hsb' on input line 1372.
)
(/usr/share/texlive/texmf-dist/tex/latex/base/textcomp.sty
Package: textcomp 2024/04/24 v2.1b Standard LaTeX package
)
(/usr/share/texlive/texmf-dist/tex/latex/ncctools/manyfoot.sty
Package: manyfoot 2019/08/03 v1.11 Many Footnote Levels Package (NCC)

(/usr/share/texlive/texmf-dist/tex/latex/ncctools/nccfoots.sty
Package: nccfoots 2005/02/03 v1.2 NCC Footnotes Package (NCC)
)
\MFL@columnwidth=\dimen257
)
(/usr/share/texlive/texmf-dist/tex/latex/tools/indentfirst.sty
Package: indentfirst 2023/07/02 v1.03 Indent first paragraph (DPC)
)
(/usr/share/texlive/texmf-dist/tex/latex/l3backend/l3backend-pdftex.def
File: l3backend-pdftex.def 2024-05-08 L3 backend support: PDF output (pdfTeX)
\l__color_backend_stack_int=\count318
\l__pdf_internal_box=\box73
)
(./main_v6.aux)
\openout1 = `main_v6.aux'.

LaTeX Font Info:    Checking defaults for OML/cmm/m/it on input line 81.
LaTeX Font Info:    ... okay on input line 81.
LaTeX Font Info:    Checking defaults for OMS/cmsy/m/n on input line 81.
LaTeX Font Info:    ... okay on input line 81.
LaTeX Font Info:    Checking defaults for OT1/cmr/m/n on input line 81.
LaTeX Font Info:    ... okay on input line 81.
LaTeX Font Info:    Checking defaults for T1/cmr/m/n on input line 81.
LaTeX Font Info:    ... okay on input line 81.
LaTeX Font Info:    Checking defaults for TS1/cmr/m/n on input line 81.
LaTeX Font Info:    ... okay on input line 81.
LaTeX Font Info:    Checking defaults for OMX/cmex/m/n on input line 81.
LaTeX Font Info:    ... okay on input line 81.
LaTeX Font Info:    Checking defaults for U/cmr/m/n on input line 81.
LaTeX Font Info:    ... okay on input line 81.
LaTeX Font Info:    Checking defaults for PD1/pdf/m/n on input line 81.
LaTeX Font Info:    ... okay on input line 81.
LaTeX Font Info:    Checking defaults for PU/pdf/m/n on input line 81.
LaTeX Font Info:    ... okay on input line 81.

*geometry* driver: auto-detecting
*geometry* detected driver: pdftex
*geometry* verbose mode - [ preamble ] result:
* driver: pdftex
* paper: custom
* layout: <same size as paper>
* layoutoffset:(h,v)=(0.0pt,0.0pt)
* bindingoffset: 17.07164pt
* modes: twoside 
* h-part:(L,W,R)=(50.07684pt, 455.24408pt, 75.11531pt)
* v-part:(T,H,B)=(73.97716pt, 614.57951pt, 156.49017pt)
* \paperwidth=597.50787pt
* \paperheight=845.04684pt
* \textwidth=455.24408pt
* \textheight=614.57951pt
* \oddsidemargin=-5.1215pt
* \evensidemargin=2.84532pt
* \topmargin=-24.94597pt
* \headheight=12.0pt
* \headsep=14.65314pt
* \topskip=10.0pt
* \footskip=28.82265pt
* \marginparwidth=34.1433pt
* \marginparsep=14.22636pt
* \columnsep=22.76219pt
* \skip\footins=18.0pt plus 6.0pt minus 3.0pt
* \hoffset=0.0pt
* \voffset=0.0pt
* \mag=1000
* \@twocolumntrue
* \@twosidetrue
* \@mparswitchtrue
* \@reversemargintrue
* (1in=72.27pt=25.4mm, 1cm=28.453pt)

(/usr/share/texlive/texmf-dist/tex/context/base/mkii/supp-pdf.mkii
[Loading MPS to PDF converter (version 2006.09.02).]
\scratchcounter=\count319
\scratchdimen=\dimen258
\scratchbox=\box74
\nofMPsegments=\count320
\nofMParguments=\count321
\everyMPshowfont=\toks35
\MPscratchCnt=\count322
\MPscratchDim=\dimen259
\MPnumerator=\count323
\makeMPintoPDFobject=\count324
\everyMPtoPDFconversion=\toks36
) (/usr/share/texlive/texmf-dist/tex/latex/epstopdf-pkg/epstopdf-base.sty
Package: epstopdf-base 2020-01-24 v2.11 Base part for package epstopdf
Package epstopdf-base Info: Redefining graphics rule for `.eps' on input line 4
85.

(/usr/share/texlive/texmf-dist/tex/latex/latexconfig/epstopdf-sys.cfg
File: epstopdf-sys.cfg 2010/07/13 v1.3 Configuration of (r)epstopdf for TeX Liv
e
))
LaTeX Info: Redefining \S on input line 81.
LaTeX Font Info:    Redeclaring symbol font `AMSa' on input line 81.
LaTeX Font Info:    Overwriting symbol font `AMSa' in version `normal'
(Font)                  U/msa/m/n --> U/msa/m/n on input line 81.
LaTeX Font Info:    Overwriting symbol font `AMSa' in version `bold'
(Font)                  U/msa/m/n --> U/msa/m/n on input line 81.
Package hyperref Info: Link coloring ON on input line 81.

(./main_v6.out) (./main_v6.out)
\@outlinefile=\write3
\openout3 = `main_v6.out'.

LaTeX Font Info:    Calculating math sizes for size <12.045> on input line 102.

LaTeX Font Info:    Trying to load font information for U+msa on input line 102
.

(/usr/share/texlive/texmf-dist/tex/latex/amsfonts/umsa.fd
File: umsa.fd 2013/01/14 v3.01 AMS symbols A
)
LaTeX Font Info:    Trying to load font information for U+msb on input line 102
.

(/usr/share/texlive/texmf-dist/tex/latex/amsfonts/umsb.fd
File: umsb.fd 2013/01/14 v3.01 AMS symbols B
)
LaTeX Font Info:    Trying to load font information for U+rsfs on input line 10
2.

(/usr/share/texlive/texmf-dist/tex/latex/jknapltx/ursfs.fd
File: ursfs.fd 1998/03/24 rsfs font definition file (jk)
)

LaTeX Font Warning: Font shape `U/rsfs/m/n' in size <8.43146> not available
(Font)              size <8> substituted on input line 102.

LaTeX Font Info:    Calculating math sizes for size <11.04124> on input line 10
2.

LaTeX Font Warning: Font shape `U/rsfs/m/n' in size <5.52061> not available
(Font)              size <6> substituted on input line 102.

LaTeX Font Info:    Calculating math sizes for size <9.03374> on input line 102
.

LaTeX Font Warning: Font shape `U/rsfs/m/n' in size <4.51686> not available
(Font)              size <5> substituted on input line 102.

LaTeX Font Info:    Calculating math sizes for size <10.03749> on input line 10
2.
CUTED [- LAST -]
Extra skip:0.0pt
Left:0.0pt/0.0pt
Right:0.0pt/0.0pt
Split: 0.0pt
Output:0.0pt
Pageshrink: 0.0pt
Pagestretch: 0.0pt
@colht:614.57951pt
CUTED [output]: 0.0pt
CUTED [leftcolumn badness]: 0
CUTED [rightcolumn badness]: 0



Underfull \vbox (badness 10000) has occurred while \output is active []


Underfull \hbox (badness 10000) has occurred while \output is active
[]| []
 []

[1

{/var/lib/texmf/fonts/map/pdftex/updmap/pdftex.map}]
CUTED [- LAST -]
Extra skip:0.0pt
Left:0.0pt/0.0pt
Right:0.0pt/0.0pt
Split: 0.0pt
Output:0.0pt
Pageshrink: 0.0pt
Pagestretch: 0.0pt
@colht:614.57951pt
CUTED [output]: 0.0pt
CUTED [leftcolumn badness]: 0
CUTED [rightcolumn badness]: 0

Underfull \hbox (badness 10000) in paragraph at lines 105--106
[]\OT1/cmr/m/n/10 Instrumental assess-ment of masticatory-
 []


Underfull \hbox (badness 4013) in paragraph at lines 105--106
\OT1/cmr/m/n/10 else. Sur-face elec-tromyo-g-ra-phy (EMG) mea-
 []


Underfull \hbox (badness 1354) in paragraph at lines 107--108
\OT1/cmr/m/n/10 unver-sioned or irre-pro-ducible; the defect was
 []


Underfull \vbox (badness 10000) has occurred while \output is active []




Package hyperref Warning: Difference (3) between bookmark levels is greater 
(hyperref)                than one, level fixed on input line 111.


Package hyperref Warning: Difference (2) between bookmark levels is greater 
(hyperref)                than one, level fixed on input line 113.




Underfull \vbox (badness 10000) has occurred while \output is active []


Underfull \hbox (badness 10000) has occurred while \output is active
[]| []
 []

[2]
Underfull \hbox (badness 1365) in paragraph at lines 119--120
[]\OT1/cmr/m/n/10 Surface EMG is widely used for ambu-la-
 []


Underfull \hbox (badness 2443) in paragraph at lines 121--122
[]\OT1/cmr/m/n/10 Machine-learning stud-ies report high per-
 []


Underfull \hbox (badness 1005) in paragraph at lines 121--122
\OT1/cmr/m/n/10 for-mance on con-trolled tasks, although direct
 []


Underfull \hbox (badness 5681) in paragraph at lines 121--122
\OT1/cmr/m/n/10 chin-mounted accelerom-e-try [[]], contingent-
 []




Underfull \hbox (badness 1371) in paragraph at lines 125--126
\OT1/cmr/m/n/10 in myo-elec-tric con-trol to have pub-lic bench-
 []


Underfull \hbox (badness 3158) in paragraph at lines 129--130
[]\OT1/cmr/m/n/10 Surface-EMG reviews con-sis-tently iden-tify
 []




Underfull \vbox (badness 10000) has occurred while \output is active []


Underfull \hbox (badness 10000) has occurred while \output is active
[]| []
 []

[3]


Underfull \hbox (badness 1430) in paragraph at lines 143--144
\OT1/cmr/m/n/10 recorded from two bilat-eral bipo-lar elec-trode
 []

<Figures/patient_new.png, id=258, 534.99875pt x 685.56125pt>
File: Figures/patient_new.png Graphic file (type png)
<use Figures/patient_new.png>
Package pdftex.def Info: Figures/patient_new.png  used on input line 147.
(pdftex.def)             Requested size: 88.77592pt x 113.75082pt.
<Figures/v5/sample_flow.png, id=260, 437.9562pt x 254.1495pt>
File: Figures/v5/sample_flow.png Graphic file (type png)
<use Figures/v5/sample_flow.png>
Package pdftex.def Info: Figures/v5/sample_flow.png  used on input line 148.
(pdftex.def)             Requested size: 273.14922pt x 158.51341pt.

Underfull \hbox (badness 1590) in paragraph at lines 158--159
\OT1/cmr/m/n/10 assumed (Table [][]1[][]). A \OT1/cmr/bx/n/10.03749 tran-si-tio
n guard \OT1/cmr/m/n/10 of
 []




Underfull \vbox (badness 10000) has occurred while \output is active []


Underfull \hbox (badness 10000) has occurred while \output is active
[]| []
 []

[4{/usr/share/texmf/fonts/enc/dvips/cm-super/cm-super-ts1.enc}]
Underfull \vbox (badness 10000) has occurred while \output is active []




Underfull \hbox (badness 1132) in paragraph at lines 162--163
\OT1/cmr/m/n/10 ings rather than trigger-verified inter-vals and
 []


Overfull \hbox (2.63094pt too wide) in alignment at lines 169--193
[] []
 []


Underfull \hbox (badness 1033) in paragraph at lines 199--200
\OT1/cmr/m/n/10 after a spec-tral audit of the raw record-ings.
 []




Underfull \vbox (badness 10000) has occurred while \output is active []


Underfull \hbox (badness 10000) has occurred while \output is active
[]| []
 []

[5 <./Figures/patient_new.png> <./Figures/v5/sample_flow.png>]

<Figures/filter_defect_and_correction.png, id=296, 809.9058pt x 279.9258pt>
File: Figures/filter_defect_and_correction.png Graphic file (type png)
<use Figures/filter_defect_and_correction.png>
Package pdftex.def Info: Figures/filter_defect_and_correction.png  used on inpu
t line 213.
(pdftex.def)             Requested size: 391.51018pt x 135.31963pt.



Underfull \vbox (badness 10000) has occurred while \output is active []


Underfull \hbox (badness 10000) has occurred while \output is active
[]| []
 []

[6]
<Figures/preprocessing_stages_5class.png, id=315, 776.4207pt x 367.3725pt>
File: Figures/preprocessing_stages_5class.png Graphic file (type png)
<use Figures/preprocessing_stages_5class.png>
Package pdftex.def Info: Figures/preprocessing_stages_5class.png  used on input
 line 228.
(pdftex.def)             Requested size: 345.98299pt x 163.70726pt.
<Figures/v5/architecture_emg.png, id=316, 789.9111pt x 305.4612pt>
File: Figures/v5/architecture_emg.png Graphic file (type png)
<use Figures/v5/architecture_emg.png>
Package pdftex.def Info: Figures/v5/architecture_emg.png  used on input line 23
5.
(pdftex.def)             Requested size: 382.40335pt x 147.8735pt.

Underfull \hbox (badness 1454) in paragraph at lines 243--244
\OT1/cmr/m/n/10 minority-class train-ing win-dows by ampli-tude
 []


Underfull \hbox (badness 1383) in paragraph at lines 243--244
\OT1/cmr/m/n/10 scal-ing in $[0\OML/cmm/m/it/10.03749 :\OT1/cmr/m/n/10 9\OML/cm
m/m/it/10.03749 ; \OT1/cmr/m/n/10 1\OML/cmm/m/it/10.03749 :\OT1/cmr/m/n/10 1]$ 
(prob-a-bil-ity 0.5), addi-tive
 []




Underfull \vbox (badness 10000) has occurred while \output is active []




Underfull \vbox (badness 10000) has occurred while \output is active []


Underfull \hbox (badness 10000) has occurred while \output is active
[]| []
 []

[7 <./Figures/filter_defect_and_correction.png>]
Underfull \vbox (badness 10000) has occurred while \output is active []




Underfull \hbox (badness 2884) in paragraph at lines 249--250
\OT1/cmr/m/n/10 four-class model run on the same win-dows
 []


Underfull \hbox (badness 4660) in paragraph at lines 249--250
\OT1/cmr/m/n/10 and folds as a check that renor-mal-i-sa-tion
 []


Underfull \hbox (badness 1783) in paragraph at lines 249--250
\OT1/cmr/m/n/10 is not doing the work; and pre-dic-tions col-
 []


Underfull \vbox (badness 10000) has occurred while \output is active []




Underfull \vbox (badness 10000) has occurred while \output is active []


Underfull \hbox (badness 10000) has occurred while \output is active
[]| []
 []

[8 <./Figures/preprocessing_stages_5class.png> <./Figures/v5/architecture_emg.p
ng>]


Underfull \hbox (badness 1117) in paragraph at lines 286--287
\OT1/cmr/m/n/10 branch changed participant-level macro-F1 by
 []




Underfull \vbox (badness 10000) has occurred while \output is active []


Underfull \hbox (badness 10000) has occurred while \output is active
[]| []
 []

[9]


Underfull \vbox (badness 10000) has occurred while \output is active []




Underfull \vbox (badness 10000) has occurred while \output is active []


Underfull \hbox (badness 10000) has occurred while \output is active
[]| []
 []

[10]
LaTeX Font Info:    Calculating math sizes for size <8.03> on input line 305.


LaTeX Font Warning: Font shape `U/rsfs/m/n' in size <4.015> not available
(Font)              size <5> substituted on input line 305.

<Figures/v5/measurement_chain.png, id=377, 700.2963pt x 470.4777pt>
File: Figures/v5/measurement_chain.png Graphic file (type png)
<use Figures/v5/measurement_chain.png>
Package pdftex.def Info: Figures/v5/measurement_chain.png  used on input line 3
29.
(pdftex.def)             Requested size: 345.98299pt x 232.43849pt.
<Figures/v5/five_class_roc_curves.png, id=384, 310.761pt x 260.8947pt>
File: Figures/v5/five_class_roc_curves.png Graphic file (type png)
<use Figures/v5/five_class_roc_curves.png>
Package pdftex.def Info: Figures/v5/five_class_roc_curves.png  used on input li
ne 373.
(pdftex.def)             Requested size: 186.65173pt x 156.70522pt.
<Figures/v5/five_class_pr_curves.png, id=385, 310.761pt x 260.8947pt>
File: Figures/v5/five_class_pr_curves.png Graphic file (type png)
<use Figures/v5/five_class_pr_curves.png>
Package pdftex.def Info: Figures/v5/five_class_pr_curves.png  used on input lin
e 375.
(pdftex.def)             Requested size: 186.65173pt x 156.70522pt.

Underfull \hbox (badness 4505) in paragraph at lines 383--384
[]\OT1/cmr/m/n/10 The high-est per-class F1 was chew-ing's
 []


Underfull \hbox (badness 1019) in paragraph at lines 383--384
\OT1/cmr/m/n/10 clench-ing/grinding group occurred in 7.7% of
 []




Underfull \hbox (badness 1205) in paragraph at lines 387--388
\OT1/cmr/m/n/10 rep-re-sen-ta-tion (Fig. [][]8[][]) repro-duces both error
 []


Underfull \hbox (badness 3250) in paragraph at lines 387--388
\OT1/cmr/m/n/10 and food-dependent rhyth-mic struc-ture; rest
 []


Underfull \vbox (badness 10000) has occurred while \output is active []




Underfull \vbox (badness 10000) has occurred while \output is active []


Underfull \hbox (badness 10000) has occurred while \output is active
[]| []
 []

[11]
Underfull \vbox (badness 10000) has occurred while \output is active []



<Figures/v5/confmatrx_5class.png, id=403, 653.3208pt x 313.17pt>
File: Figures/v5/confmatrx_5class.png Graphic file (type png)
<use Figures/v5/confmatrx_5class.png>
Package pdftex.def Info: Figures/v5/confmatrx_5class.png  used on input line 39
1.
(pdftex.def)             Requested size: 223.0721pt x 106.93034pt.
<Figures/v5/five_class_per_participant.png, id=404, 459.3963pt x 246.4407pt>
File: Figures/v5/five_class_per_participant.png Graphic file (type png)
<use Figures/v5/five_class_per_participant.png>
Package pdftex.def Info: Figures/v5/five_class_per_participant.png  used on inp
ut line 393.
(pdftex.def)             Requested size: 177.5449pt x 95.24283pt.
<Figures/v5/tsne_5class.png, id=405, 366.6498pt x 309.7974pt>
File: Figures/v5/tsne_5class.png Graphic file (type png)
<use Figures/v5/tsne_5class.png>
Package pdftex.def Info: Figures/v5/tsne_5class.png  used on input line 421.
(pdftex.def)             Requested size: 198.94125pt x 168.09644pt.

Underfull \vbox (badness 10000) has occurred while \output is active []




Underfull \vbox (badness 10000) has occurred while \output is active []


Underfull \hbox (badness 10000) has occurred while \output is active
[]| []
 []

[12 <./Figures/v5/measurement_chain.png>]
Underfull \vbox (badness 10000) has occurred while \output is active []




Underfull \vbox (badness 10000) has occurred while \output is active []




Underfull \vbox (badness 10000) has occurred while \output is active []


Underfull \hbox (badness 10000) has occurred while \output is active
[]| []
 []

[13 <./Figures/v5/five_class_roc_curves.png> <./Figures/v5/five_class_pr_curves
.png>]


Underfull \hbox (badness 1603) in paragraph at lines 460--461
\OT1/cmr/m/n/10 gin: the advan-tage was much smaller before
 []


Underfull \vbox (badness 10000) has occurred while \output is active []




Underfull \vbox (badness 10000) has occurred while \output is active []


Underfull \hbox (badness 10000) has occurred while \output is active
[]| []
 []

[14 <./Figures/v5/confmatrx_5class.png> <./Figures/v5/five_class_per_participan
t.png> <./Figures/v5/tsne_5class.png>]
Underfull \hbox (badness 1708) in paragraph at lines 473--474
\OT1/cmr/m/n/10 A pre-spec-i-fied sweep con-trasts four archi-tec-
 []




Underfull \hbox (badness 2990) in paragraph at lines 475--476
\OT1/cmr/m/n/10 parameters---3.2 times the wavelet net-work's
 []


Underfull \hbox (badness 4492) in paragraph at lines 475--476
\OT1/cmr/m/n/10 5,901---and reaches 68.9% macro-F1 against
 []


Underfull \vbox (badness 10000) has occurred while \output is active []




Underfull \vbox (badness 10000) has occurred while \output is active []


Underfull \hbox (badness 10000) has occurred while \output is active
[]| []
 []

[15]

<Figures/v5/design_constraints.png, id=447, 731.8542pt x 247.6452pt>
File: Figures/v5/design_constraints.png Graphic file (type png)
<use Figures/v5/design_constraints.png>
Package pdftex.def Info: Figures/v5/design_constraints.png  used on input line 
515.
(pdftex.def)             Requested size: 400.617pt x 135.5591pt.



Underfull \vbox (badness 10000) has occurred while \output is active []


Underfull \hbox (badness 10000) has occurred while \output is active
[]| []
 []

[16]
Underfull \vbox (badness 10000) has occurred while \output is active []




Underfull \vbox (badness 10000) has occurred while \output is active []




Underfull \vbox (badness 10000) has occurred while \output is active []


Underfull \hbox (badness 10000) has occurred while \output is active
[]| []
 []

[17 <./Figures/v5/design_constraints.png>]
<Figures/v5/training_curves_5class.png, id=463, 673.7973pt x 261.1356pt>
File: Figures/v5/training_curves_5class.png Graphic file (type png)
<use Figures/v5/training_curves_5class.png>
Package pdftex.def Info: Figures/v5/training_curves_5class.png  used on input l
ine 529.
(pdftex.def)             Requested size: 336.88312pt x 130.56348pt.





Underfull \vbox (badness 10000) has occurred while \output is active []


Underfull \hbox (badness 10000) has occurred while \output is active
[]| []
 []

[18]
Underfull \vbox (badness 10000) has occurred while \output is active []




Underfull \vbox (badness 10000) has occurred while \output is active []




Underfull \vbox (badness 10000) has occurred while \output is active []


Underfull \hbox (badness 10000) has occurred while \output is active
[]| []
 []

[19 <./Figures/v5/training_curves_5class.png>]
Underfull \hbox (badness 3780) in paragraph at lines 565--566
[]\OT1/cmr/m/n/10 Two points about the exclu-sion deserve
 []



<Figures/v5/signal_comparison_emg.png, id=505, 783.6477pt x 441.8106pt>
File: Figures/v5/signal_comparison_emg.png Graphic file (type png)
<use Figures/v5/signal_comparison_emg.png>
Package pdftex.def Info: Figures/v5/signal_comparison_emg.png  used on input li
ne 571.
(pdftex.def)             Requested size: 355.08981pt x 200.19493pt.



Underfull \vbox (badness 10000) has occurred while \output is active []


Underfull \hbox (badness 10000) has occurred while \output is active
[]| []
 []

[20]
Underfull \vbox (badness 10000) has occurred while \output is active []






Underfull \vbox (badness 10000) has occurred while \output is active []


Underfull \hbox (badness 10000) has occurred while \output is active
[]| []
 []

[21 <./Figures/v5/signal_comparison_emg.png>]
Underfull \hbox (badness 1152) in paragraph at lines 592--593
\OT1/cmr/m/n/10 tion device. Quiet-rest win-dows are included,
 []


Underfull \hbox (badness 1043) in paragraph at lines 597--598
\OT1/cmr/m/n/10 because of participant-privacy restric-tions but
 []




Underfull \hbox (badness 4726) in paragraph at lines 600--601
\OT1/cmr/m/n/10 con-di-tions of run \OT1/cmtt/m/n/10.03749 modality[]and[]no[]c
hewing[]
 []


Underfull \hbox (badness 10000) in paragraph at lines 600--601
\OT1/cmtt/m/n/10.03749 20260810T020642[]cead62e4\OT1/cmr/m/n/10 , con-fig-u-ra-
tion
 []


Underfull \hbox (badness 10000) in paragraph at lines 600--601
\OT1/cmr/m/n/10 hash \OT1/cmtt/m/n/10.03749 cead62e4\OT1/cmr/m/n/10 , man-i-fes
t hash \OT1/cmtt/m/n/10.03749 7ebbcc8d\OT1/cmr/m/n/10 ,
 []


Underfull \hbox (badness 4193) in paragraph at lines 600--601
\OT1/cmr/m/n/10 window-index hash \OT1/cmtt/m/n/10.03749 b2cf690c\OT1/cmr/m/n/1
0 . The archi-tec-
 []


Underfull \hbox (badness 2875) in paragraph at lines 600--601
\OT1/cmr/m/n/10 ture sweep of Section [][]4.6[][] comes from run
 []


Underfull \hbox (badness 1694) in paragraph at lines 600--601
\OT1/cmr/m/n/10 index hash (\OT1/cmtt/m/n/10.03749 9941fe48\OT1/cmr/m/n/10 ) be
cause the man-i-fest
 []


Underfull \hbox (badness 1502) in paragraph at lines 600--601
\OT1/cmr/m/n/10 point. The screen-ing mea-sure-ments for RQ1,
 []


Underfull \hbox (badness 1609) in paragraph at lines 600--601
\OT1/cmr/m/n/10 run's saved pre-dic-tion ledgers into \OT1/cmtt/m/n/10.03749 ou
tputs/
 []


Underfull \hbox (badness 3547) in paragraph at lines 600--601
\OT1/cmr/m/n/10 and Section [][]4.8[][] from \OT1/cmtt/m/n/10.03749 outputs/ben
chmarks/
 []




Underfull \vbox (badness 10000) has occurred while \output is active []


Underfull \hbox (badness 10000) has occurred while \output is active
[]| []
 []

[22]
Underfull \hbox (badness 2564) in paragraph at lines 606--607
\OT1/cmr/m/n/10 grad-u-ate and grad-u-ate stu-dents Anjo-laoluwa
 []


Underfull \hbox (badness 7081) in paragraph at lines 606--607
\OT1/cmr/m/n/10 Aking-bile, Jes-sica Con-stan-tine and Nathan
 []


Underfull \hbox (badness 10000) in paragraph at lines 609--610
[]\OT1/cmr/m/n/10 M.H.F.: method-ol-ogy, soft-ware, anal-y-sis,
 []


Underfull \hbox (badness 1107) in paragraph at lines 609--610
\OT1/cmr/m/n/10 edit-ing. A.R.: pro-to-col devel-op-ment, soft-ware,
 []


Underfull \hbox (badness 1859) in paragraph at lines 609--610
\OT1/cmr/m/n/10 con-cep-tu-al-iza-tion and study design, research-
 []


Underfull \hbox (badness 5475) in paragraph at lines 609--610
\OT1/cmr/m/n/10 manuscript revi-sion. R.A.: con-cep-tu-al-iza-tion,
 []


Underfull \hbox (badness 2401) in paragraph at lines 609--610
\OT1/cmr/m/n/10 project admin-is-tra-tion, resources, super-vi-sion,
 []

(./main_v6.bbl


Underfull \hbox (badness 10000) in paragraph at lines 104--112
[]\OT1/cmr/m/n/10 Manfredini, D., Winocur, E., Guarda-
 []


Underfull \vbox (badness 10000) has occurred while \output is active []




Underfull \vbox (badness 10000) has occurred while \output is active []


Underfull \hbox (badness 10000) has occurred while \output is active
[]| []
 []

[23]
Underfull \hbox (badness 2245) in paragraph at lines 139--147
[]\OT1/cmr/m/n/10 Stuginski-Barbosa, J., Por-po-ratti, A. L.,
 []


Underfull \hbox (badness 1005) in paragraph at lines 139--147
\OT1/cmr/m/n/10 ra-phy for sleep brux-ism diag-no-sis.  \OT1/cmr/m/it/10.03749 
The
 []


Underfull \vbox (badness 10000) has occurred while \output is active []




Underfull \hbox (badness 3826) in paragraph at lines 186--195
\OT1/cmr/m/it/10.03749 nal of Oral Reha-bil-i-ta-tion \OT1/cmr/bx/n/10.03749 41
\OT1/cmr/m/n/10 , 163--169
 []


Underfull \hbox (badness 1661) in paragraph at lines 205--211
[]\OT1/cmr/m/n/10 Sonmezocak, T. & Kurt, S.  Detec-tion
 []


Underfull \vbox (badness 10000) has occurred while \output is active []




Underfull \vbox (badness 10000) has occurred while \output is active []


Underfull \hbox (badness 10000) has occurred while \output is active
[]| []
 []

[24]
Underfull \vbox (badness 10000) has occurred while \output is active []




Underfull \hbox (badness 1515) in paragraph at lines 357--362
[]\OT1/cmr/m/n/10 International Soci-ety of Elec-tro-phys-i-ol-ogy
 []


Underfull \hbox (badness 1540) in paragraph at lines 381--387
\OT1/cmr/m/it/10.03749 of Elec-tromyo-g-ra-phy and Kine-si-ol-ogy \OT1/cmr/bx/n
/10.03749 53\OT1/cmr/m/n/10 ,
 []


Underfull \vbox (badness 10000) has occurred while \output is active []




Underfull \vbox (badness 10000) has occurred while \output is active []


Underfull \hbox (badness 10000) has occurred while \output is active
[]| []
 []

[25]
Underfull \hbox (badness 1496) in paragraph at lines 423--430
[]\OT1/cmr/m/n/10 Tsinganos, P., Cor-nelis, B., Cor-nelis, J.,
 []


Underfull \hbox (badness 1354) in paragraph at lines 440--446
\OT1/cmr/m/n/10 ral net-works and appli-ca-tions: A sur-vey.
 []


Underfull \vbox (badness 10000) has occurred while \output is active []




Underfull \hbox (badness 1394) in paragraph at lines 506--513
\OT1/cmr/m/it/10.03749 na-tional Con-fer-ence on Com-puter Vision
 []


Underfull \vbox (badness 10000) has occurred while \output is active []




Underfull \vbox (badness 10000) has occurred while \output is active []


Underfull \hbox (badness 10000) has occurred while \output is active
[]| []
 []

[26]
Underfull \hbox (badness 1005) in paragraph at lines 596--603
\OT1/cmr/m/n/10 D. C. & Kord-ing, K. P.  The need to
 []


Underfull \vbox (badness 10000) has occurred while \output is active []




Underfull \hbox (badness 1221) in paragraph at lines 684--689
\OT1/cmr/m/n/10 recall plot is more infor-ma-tive than the
 []


Underfull \vbox (badness 10000) has occurred while \output is active []




Underfull \vbox (badness 10000) has occurred while \output is active []


Underfull \hbox (badness 10000) has occurred while \output is active
[]| []
 []

[27]
Underfull \hbox (badness 1210) in paragraph at lines 714--719
\OT1/cmr/m/n/10 domain adap-ta-tion with-out tar-get labels.
 []

)




Underfull \vbox (badness 10000) has occurred while \output is active []


Underfull \hbox (badness 10000) has occurred while \output is active
[]| []
 []

[28

] (./main_v6.aux)
 ***********
LaTeX2e <2024-11-01> patch level 2
L3 programming layer <2025-01-18>
 ***********


LaTeX Font Warning: Size substitutions with differences
(Font)              up to 0.985pt have occurred.

Package rerunfilecheck Info: File `main_v6.out' has not changed.
(rerunfilecheck)             Checksum: AC605D556741AD2673509C1771774FCB;7062.
 ) 
Here is how much of TeX's memory you used:
 13166 strings out of 473197
 208008 string characters out of 5718605
 630150 words of memory out of 5000000
 36018 multiletter control sequences out of 15000+600000
 596137 words of font info for 180 fonts, out of 8000000 for 9000
 1151 hyphenation exceptions out of 8191
 90i,14n,93p,2564b,938s stack positions out of 10000i,1000n,20000p,200000b,200000s
</usr/share/texlive/texmf-dist/fonts/type1/public/amsfonts/cm/cmbsy10.pfb></u
sr/share/texlive/texmf-dist/fonts/type1/public/amsfonts/cm/cmbx10.pfb></usr/sha
re/texlive/texmf-dist/fonts/type1/public/amsfonts/cm/cmbx12.pfb></usr/share/tex
live/texmf-dist/fonts/type1/public/amsfonts/cm/cmbx7.pfb></usr/share/texlive/te
xmf-dist/fonts/type1/public/amsfonts/cm/cmbx8.pfb></usr/share/texlive/texmf-dis
t/fonts/type1/public/amsfonts/cm/cmbx9.pfb></usr/share/texlive/texmf-dist/fonts
/type1/public/amsfonts/cm/cmbxti10.pfb></usr/share/texlive/texmf-dist/fonts/typ
e1/public/amsfonts/cm/cmmi10.pfb></usr/share/texlive/texmf-dist/fonts/type1/pub
lic/amsfonts/cm/cmmi5.pfb></usr/share/texlive/texmf-dist/fonts/type1/public/ams
fonts/cm/cmmi7.pfb></usr/share/texlive/texmf-dist/fonts/type1/public/amsfonts/c
m/cmr10.pfb></usr/share/texlive/texmf-dist/fonts/type1/public/amsfonts/cm/cmr12
.pfb></usr/share/texlive/texmf-dist/fonts/type1/public/amsfonts/cm/cmr17.pfb></
usr/share/texlive/texmf-dist/fonts/type1/public/amsfonts/cm/cmr5.pfb></usr/shar
e/texlive/texmf-dist/fonts/type1/public/amsfonts/cm/cmr7.pfb></usr/share/texliv
e/texmf-dist/fonts/type1/public/amsfonts/cm/cmr8.pfb></usr/share/texlive/texmf-
dist/fonts/type1/public/amsfonts/cm/cmr9.pfb></usr/share/texlive/texmf-dist/fon
ts/type1/public/amsfonts/cm/cmsy10.pfb></usr/share/texlive/texmf-dist/fonts/typ
e1/public/amsfonts/cm/cmsy5.pfb></usr/share/texlive/texmf-dist/fonts/type1/publ
ic/amsfonts/cm/cmsy7.pfb></usr/share/texlive/texmf-dist/fonts/type1/public/amsf
onts/cm/cmsy8.pfb></usr/share/texlive/texmf-dist/fonts/type1/public/amsfonts/cm
/cmsy9.pfb></usr/share/texlive/texmf-dist/fonts/type1/public/amsfonts/cm/cmti10
.pfb></usr/share/texlive/texmf-dist/fonts/type1/public/amsfonts/cm/cmti9.pfb></
usr/share/texlive/texmf-dist/fonts/type1/public/amsfonts/cm/cmtt10.pfb></usr/sh
are/texmf/fonts/type1/public/cm-super/sfrm1000.pfb>
Output written on main_v6.pdf (28 pages, 3768764 bytes).
PDF statistics:
 736 PDF objects out of 1000 (max. 8388607)
 619 compressed objects within 7 object streams
 175 named destinations out of 1000 (max. 500000)
 319 words of extra memory for PDF output out of 10000 (max. 10000000)

